// Jest Snapshot v1, https://goo.gl/fbAQLP

exports[`<LoadMoreButton /> should match snapshot 1`] = `
<button
  id="load-more"
>
  Load More
</button>
`;
