// Jest Snapshot v1, https://goo.gl/fbAQLP

exports[`<Header /> should match snapshot 1`] = `
<div
  id="header"
>
  <div
    id="header-container"
  >
    <h1>
      UrbanVault
    </h1>
  </div>
</div>
`;
